exitCode: 0
stdout:
{
  "caller": {
    "is_browser_surface": false,
    "pane_ref": "pane:2",
    "surface_ref": "surface:2",
    "surface_type": "terminal",
    "window_ref": "window:1",
    "workspace_ref": "workspace:1"
  },
  "cli_js_path": "/opt/dormouse/dor-cli/dist/dor.js",
  "focused": {
    "is_browser_surface": false,
    "pane_ref": "pane:1",
    "surface_ref": "surface:1",
    "surface_type": "terminal",
    "window_ref": "window:1",
    "workspace_ref": "workspace:1"
  },
  "host": "vscode",
  "host_workspace": "/Users/me/projects/site",
  "node_path": "/opt/dormouse/node"
}

stderr:
