exitCode: 0
stdout:
workspace:1  Workspace 1  [active]
  * surface:1  terminal  -              paned      /Users/me/projects/site  pnpm dev

workspace:2  build
    surface:1  browser   ab-screencast  paned      http://localhost:5173/   Dormouse
    surface:2  terminal  -              minimized  /Users/me/api            <idle> server.js  [ringing]

stderr:
