exitCode: 0
stdout:
{
  "workspaces": [
    {
      "id": "workspace:1",
      "name": "Workspace 1",
      "pinned": false,
      "active": true,
      "ringing": false,
      "todo": false,
      "count": 0
    },
    {
      "id": "workspace:2",
      "name": "build",
      "pinned": true,
      "active": false,
      "ringing": true,
      "todo": true,
      "count": 2
    }
  ],
  "window_ref": "window:1"
}

stderr:
