exitCode: 0
stdout:
{
  "panes": [
    {
      "focused": true,
      "index": 0,
      "ref": "pane:1",
      "selected_surface_ref": "surface:1",
      "surface_count": 1,
      "surface_refs": [
        "surface:1"
      ]
    },
    {
      "focused": false,
      "index": 1,
      "ref": "pane:2",
      "selected_surface_ref": "surface:2",
      "surface_count": 1,
      "surface_refs": [
        "surface:2"
      ]
    }
  ],
  "window_ref": "window:1",
  "workspace_ref": "workspace:1"
}

stderr:
