exitCode: 0
stdout:
{
  "surfaces": [
    {
      "focused": true,
      "index": 0,
      "index_in_pane": 0,
      "pane_ref": "pane:1",
      "ref": "surface:1",
      "requested_working_directory": "/Users/example/.codex/worktrees/0cbc/mouseterm",
      "selected_in_pane": true,
      "title": "dor list-pane-surfaces",
      "type": "terminal"
    },
    {
      "focused": false,
      "index": 1,
      "index_in_pane": 0,
      "pane_ref": "pane:2",
      "ref": "surface:2",
      "requested_working_directory": "/workspace/app/packages/repo",
      "selected_in_pane": true,
      "title": "repo \"watch\"",
      "type": "terminal"
    }
  ],
  "window_ref": "window:1",
  "workspace_ref": "workspace:1"
}

stderr:

